#![feature(prelude_import)]
#[prelude_import]
use std::prelude::rust_2018::*;
#[macro_use]
extern crate std;
use flaterm::Block;
use flaterm_macro::layout;
pub fn test_nested_layout() {
    {
        let __flaterm_item = Block::new();
        let mut __flaterm_vec: ::std::vec::Vec<Block> = ::std::vec::Vec::new();
        __flaterm_vec.push(::std::convert::Into::into({
            let __flaterm_item = Block::new();
            __flaterm_item
        }));
        __flaterm_vec.push(::std::convert::Into::into({
            let __flaterm_item = Block::new();
            __flaterm_item
        }));
        __flaterm_vec;
        __flaterm_item
    };
}
