#![feature(prelude_import)]
#[prelude_import]
use std::prelude::rust_2018::*;
#[macro_use]
extern crate std;
use flaterm_macro::layout;
fn test() {
    {
        let mut __flaterm_item = ::flaterm::Node::new(::std::string::String::from("Block"));
        let mut __flaterm_vec: ::std::vec::Vec<::flaterm::Node> = ::std::vec::Vec::new();
        __flaterm_vec.push(::std::convert::Into::into({
            let mut __flaterm_item = ::flaterm::Node::new(::std::string::String::from("Text"));
            __flaterm_item
        }));
        __flaterm_item.children = __flaterm_vec;
        __flaterm_item
    };
}
